2026-07-02 13:52:20-0500: Running with following config:
allowResignation = true
lagBuffer = 1.0
logAllGTPCommunication = true
logDir = gtp_logs
logSearchInfo = true
logSearchInfoForChosenMove = false
logToStderr = false
maxTimePondering = 60.0
maxVisits = 2
numSearchThreads = 6
ponderingEnabled = false
resignConsecTurns = 3
resignThreshold = -0.90
rules = tromp-taylor
searchFactorAfterOnePass = 0.50
searchFactorAfterTwoPass = 0.25
searchFactorWhenWinning = 0.40
searchFactorWhenWinningThreshold = 0.95

2026-07-02 13:52:20-0500: GTP Engine starting...
2026-07-02 13:52:20-0500: KataGo v1.16.5
2026-07-02 13:52:20-0500: Using TrompTaylor rules initially, unless GTP/GUI overrides this
2026-07-02 13:52:20-0500: Using 6 CPU thread(s) for search
2026-07-02 13:52:20-0500: nnRandSeed0 = 5362755203748536228
2026-07-02 13:52:20-0500: After dedups: nnModelFile0 = tools\katago\net-b6c96.txt.gz useFP16 auto useNHWC auto
2026-07-02 13:52:20-0500: Initializing neural net buffer to be size 19 * 19 exactly
2026-07-02 13:52:20-0500: Found OpenCL Platform 0: NVIDIA CUDA (NVIDIA Corporation) (OpenCL 3.0 CUDA 13.3.44)
2026-07-02 13:52:20-0500: Found 1 device(s) on platform 0 with type CPU or GPU or Accelerator
2026-07-02 13:52:20-0500: Found OpenCL Platform 1: AMD Accelerated Parallel Processing (Advanced Micro Devices, Inc.) (OpenCL 2.1 AMD-APP (3652.0))
2026-07-02 13:52:20-0500: Found 1 device(s) on platform 1 with type CPU or GPU or Accelerator
2026-07-02 13:52:20-0500: Found OpenCL Device 0: NVIDIA GeForce RTX 5060 (NVIDIA Corporation) (score 11000300)
2026-07-02 13:52:20-0500: Found OpenCL Device 1: gfx1036 (Advanced Micro Devices, Inc.) (score 11000200)
2026-07-02 13:52:20-0500: Creating context for OpenCL Platform: NVIDIA CUDA (NVIDIA Corporation) (OpenCL 3.0 CUDA 13.3.44)
2026-07-02 13:52:20-0500: Using OpenCL Device 0: NVIDIA GeForce RTX 5060 (NVIDIA Corporation) OpenCL 3.0 CUDA (Extensions: cl_khr_global_int32_base_atomics cl_khr_global_int32_extended_atomics cl_khr_local_int32_base_atomics cl_khr_local_int32_extended_atomics cl_khr_fp64 cl_khr_3d_image_writes cl_khr_byte_addressable_store cl_khr_icd cl_khr_gl_sharing cl_nv_compiler_options cl_nv_device_attribute_query cl_nv_pragma_unroll cl_nv_d3d10_sharing cl_khr_d3d10_sharing cl_nv_d3d11_sharing cl_nv_copy_opts cl_nv_create_buffer cl_khr_int64_base_atomics cl_khr_int64_extended_atomics cl_khr_device_uuid cl_khr_pci_bus_info cl_khr_external_semaphore cl_khr_external_memory cl_khr_external_semaphore_win32 cl_khr_external_memory_win32 cl_khr_semaphore)
2026-07-02 13:52:20-0500: Loaded tuning parameters from: C:\Users\shank\Documents\AI Arch #39\tools\katago/KataGoData/opencltuning/tune11_gpuNVIDIAGeForceRTX5060_x19_y19_c96_mv8.txt
2026-07-02 13:52:20-0500: OpenCL backend thread 0: Model version 8
2026-07-02 13:52:20-0500: OpenCL backend thread 0: Model name: b6c96-s175395328-d26788732
2026-07-02 13:52:20-0500: OpenCL backend thread 0: FP16Storage true FP16Compute false FP16TensorCores true FP16TensorCoresFor1x1 false
2026-07-02 13:52:20-0500: Loaded neural net with nnXLen 19 nnYLen 19
2026-07-02 13:52:20-0500: Initializing board with boardXSize 19 boardYSize 19
2026-07-02 13:52:20-0500: Loaded config tools\katago\default_gtp.cfg and/or command-line and query overrides
2026-07-02 13:52:20-0500: Loaded model tools\katago\net-b6c96.txt.gz
2026-07-02 13:52:20-0500: Config override: maxVisits = 2
2026-07-02 13:52:20-0500: Model name: b6c96-s175395328-d26788732
2026-07-02 13:52:20-0500: GTP ready, beginning main protocol loop
2026-07-02 13:52:20-0500: Controller: boardsize 9
2026-07-02 13:52:20-0500: GPU -1 finishing, processed 0 rows 0 batches
2026-07-02 13:52:20-0500: Cleaned up old neural net and bot
2026-07-02 13:52:20-0500: nnRandSeed0 = 15551653690167672211
2026-07-02 13:52:20-0500: After dedups: nnModelFile0 = tools\katago\net-b6c96.txt.gz useFP16 auto useNHWC auto
2026-07-02 13:52:20-0500: Initializing neural net buffer to be size 9 * 9 exactly
2026-07-02 13:52:21-0500: Found OpenCL Platform 0: NVIDIA CUDA (NVIDIA Corporation) (OpenCL 3.0 CUDA 13.3.44)
2026-07-02 13:52:21-0500: Found 1 device(s) on platform 0 with type CPU or GPU or Accelerator
2026-07-02 13:52:21-0500: Found OpenCL Platform 1: AMD Accelerated Parallel Processing (Advanced Micro Devices, Inc.) (OpenCL 2.1 AMD-APP (3652.0))
2026-07-02 13:52:21-0500: Found 1 device(s) on platform 1 with type CPU or GPU or Accelerator
2026-07-02 13:52:21-0500: Found OpenCL Device 0: NVIDIA GeForce RTX 5060 (NVIDIA Corporation) (score 11000300)
2026-07-02 13:52:21-0500: Found OpenCL Device 1: gfx1036 (Advanced Micro Devices, Inc.) (score 11000200)
2026-07-02 13:52:21-0500: Creating context for OpenCL Platform: NVIDIA CUDA (NVIDIA Corporation) (OpenCL 3.0 CUDA 13.3.44)
2026-07-02 13:52:21-0500: Using OpenCL Device 0: NVIDIA GeForce RTX 5060 (NVIDIA Corporation) OpenCL 3.0 CUDA (Extensions: cl_khr_global_int32_base_atomics cl_khr_global_int32_extended_atomics cl_khr_local_int32_base_atomics cl_khr_local_int32_extended_atomics cl_khr_fp64 cl_khr_3d_image_writes cl_khr_byte_addressable_store cl_khr_icd cl_khr_gl_sharing cl_nv_compiler_options cl_nv_device_attribute_query cl_nv_pragma_unroll cl_nv_d3d10_sharing cl_khr_d3d10_sharing cl_nv_d3d11_sharing cl_nv_copy_opts cl_nv_create_buffer cl_khr_int64_base_atomics cl_khr_int64_extended_atomics cl_khr_device_uuid cl_khr_pci_bus_info cl_khr_external_semaphore cl_khr_external_memory cl_khr_external_semaphore_win32 cl_khr_external_memory_win32 cl_khr_semaphore)
2026-07-02 13:52:21-0500: Loaded tuning parameters from: C:\Users\shank\Documents\AI Arch #39\tools\katago/KataGoData/opencltuning/tune11_gpuNVIDIAGeForceRTX5060_x19_y19_c96_mv8.txt
2026-07-02 13:52:21-0500: OpenCL backend thread 0: Model version 8
2026-07-02 13:52:21-0500: OpenCL backend thread 0: Model name: b6c96-s175395328-d26788732
2026-07-02 13:52:21-0500: OpenCL backend thread 0: FP16Storage true FP16Compute false FP16TensorCores true FP16TensorCoresFor1x1 false
2026-07-02 13:52:21-0500: Loaded neural net with nnXLen 9 nnYLen 9
2026-07-02 13:52:21-0500: Initializing board with boardXSize 9 boardYSize 9
2026-07-02 13:52:21-0500: = 
2026-07-02 13:52:21-0500: Controller: komi 7
2026-07-02 13:52:21-0500: = 
2026-07-02 13:52:21-0500: Controller: clear_board
2026-07-02 13:52:21-0500: = 
2026-07-02 13:52:21-0500: Controller: genmove b
2026-07-02 13:52:21-0500: MoveNum: 0 HASH: 9F0B2D702FC8448C75410E097F089AEB
   A B C D E F G H J
 9 . . . . . . . . .
 8 . . . . . . . . .
 7 . . . . . . . . .
 6 . . . . . . . . .
 5 . . . . @ . . . .
 4 . . . . . . . . .
 3 . . . . . . . . .
 2 . . . . . . . . .
 1 . . . . . . . . .

koPOSITIONALscoreAREAtaxNONEsui1komi7
Time taken: 0.016
Root visits: 2
New playouts: 2
NN rows: 2
NN batches: 2
NN avg batch size: 1
PV: E5
Tree:
: T  -7.06c W  -5.42c S  -1.64c ( -0.8 L  +0.0) N       2  --  E5
---Black(^)---
E5  : T -16.72c W -13.19c S  -3.53c ( -2.1 L  -0.6) LCB -366.72c P 26.37% WF   1.0 PSV       1 N       1  --  E5

2026-07-02 13:52:21-0500: = E5
2026-07-02 13:52:21-0500: Controller: genmove w
2026-07-02 13:52:21-0500: MoveNum: 1 HASH: 38E71B648B5DE3A43B414F57C285AD76
   A B C D E F G H J
 9 . . . . . . . . .
 8 . . . . . . . . .
 7 . . . . . . . . .
 6 . . . . . . . . .
 5 . . @ . X1. . . .
 4 . . . . . . . . .
 3 . . . . . . . . .
 2 . . . . . . . . .
 1 . . . . . . . . .

koPOSITIONALscoreAREAtaxNONEsui1komi7
Time taken: 0
Root visits: 2
New playouts: 1
NN rows: 2
NN batches: 2
NN avg batch size: 1
PV: C5
Tree:
: T   9.46c W   9.89c S  -0.39c ( +1.1 L  +0.2) N       2  --  C5
---White(^)---
C5  : T   4.68c W   6.60c S  -1.92c ( +0.1 L  -0.3) LCB -345.32c P 19.60% WF   1.0 PSV       1 N       1  --  C5

2026-07-02 13:52:21-0500: = C5
2026-07-02 13:52:21-0500: Controller: genmove b
2026-07-02 13:52:21-0500: MoveNum: 2 HASH: 21172FF837E42CFA41ED49BC1713B5B8
   A B C D E F G H J
 9 . . . . . . . . .
 8 . . . . . . . . .
 7 . . . @ . . . . .
 6 . . . . . . . . .
 5 . . O2. X1. . . .
 4 . . . . . . . . .
 3 . . . . . . . . .
 2 . . . . . . . . .
 1 . . . . . . . . .

koPOSITIONALscoreAREAtaxNONEsui1komi7
Time taken: 0.016
Root visits: 2
New playouts: 1
NN rows: 2
NN batches: 2
NN avg batch size: 1
PV: D7
Tree:
: T  -8.96c W  -7.71c S  -1.27c ( -1.0 L  -0.2) N       2  --  D7
---Black(^)---
D7  : T -13.44c W -10.68c S  -2.76c ( -2.0 L  -0.7) LCB -363.44c P 26.86% WF   1.0 PSV       1 N       1  --  D7

2026-07-02 13:52:21-0500: = D7
2026-07-02 13:52:21-0500: Controller: genmove w
2026-07-02 13:52:21-0500: MoveNum: 3 HASH: 6C0DCB7D765816BB463E6416B98B8914
   A B C D E F G H J
 9 . . . . . . . . .
 8 . . . . . . . . .
 7 . . . X3. . . . .
 6 . . . . . . . . .
 5 . . O2. X1. . . .
 4 . . . . . . . . .
 3 . . . @ . . . . .
 2 . . . . . . . . .
 1 . . . . . . . . .

koPOSITIONALscoreAREAtaxNONEsui1komi7
Time taken: 0
Root visits: 2
New playouts: 1
NN rows: 2
NN batches: 2
NN avg batch size: 1
PV: D3
Tree:
: T   4.58c W   5.38c S  -0.79c ( +0.8 L  +0.2) N       2  --  D3
---White(^)---
D3  : T   6.66c W   7.75c S  -1.09c ( +0.6 L  +0.4) LCB -343.34c P 26.12% WF   1.0 PSV       1 N       1  --  D3

2026-07-02 13:52:21-0500: = D3
2026-07-02 13:52:21-0500: Controller: genmove b
2026-07-02 13:52:21-0500: MoveNum: 4 HASH: DE48C187A940F1A14069889B13F8BBAC
   A B C D E F G H J
 9 . . . . . . . . .
 8 . . . . . . . . .
 7 . . . X2. . . . .
 6 . . . . . . . . .
 5 . . O1. X . . . .
 4 . . . . . . . . .
 3 . . . O3@ . . . .
 2 . . . . . . . . .
 1 . . . . . . . . .

koPOSITIONALscoreAREAtaxNONEsui1komi7
Time taken: 0
Root visits: 2
New playouts: 1
NN rows: 2
NN batches: 2
NN avg batch size: 1
PV: E3
Tree:
: T   3.12c W   2.37c S   0.75c ( +0.1 L  +0.4) N       2  --  E3
---Black(^)---
E3  : T   5.81c W   5.20c S   0.61c ( -0.0 L  +0.7) LCB -344.19c P 38.86% WF   1.0 PSV       1 N       1  --  E3

2026-07-02 13:52:21-0500: = E3
2026-07-02 13:52:21-0500: Controller: genmove w
2026-07-02 13:52:21-0500: MoveNum: 5 HASH: 08BFDCE936E98657E4AF08AD778D0B52
   A B C D E F G H J
 9 . . . . . . . . .
 8 . . . . . . . . .
 7 . . . X1. . . . .
 6 . . . . . . . . .
 5 . . O . X . . . .
 4 . . . . . . . . .
 3 . . . O2X3. . . .
 2 . . . . @ . . . .
 1 . . . . . . . . .

koPOSITIONALscoreAREAtaxNONEsui1komi7
Time taken: 0
Root visits: 2
New playouts: 1
NN rows: 2
NN batches: 2
NN avg batch size: 1
PV: E2
Tree:
: T  -5.66c W  -5.19c S  -0.46c ( -0.3 L  -0.6) N       2  --  E2
---White(^)---
E2  : T  -6.13c W  -5.19c S  -0.95c ( -0.6 L  -0.5) LCB -356.13c P 64.98% WF   1.0 PSV       1 N       1  --  E2

2026-07-02 13:52:21-0500: = E2
2026-07-02 13:52:21-0500: Controller: genmove b
2026-07-02 13:52:21-0500: MoveNum: 6 HASH: 7E5641BE5DD37DCDA79D8B2C75A4BFCF
   A B C D E F G H J
 9 . . . . . . . . .
 8 . . . . . . . . .
 7 . . . X . . . . .
 6 . . . . . . . . .
 5 . . O . X . . . .
 4 . . . . . . . . .
 3 . . . O1X2@ . . .
 2 . . . . O3. . . .
 1 . . . . . . . . .

koPOSITIONALscoreAREAtaxNONEsui1komi7
Time taken: 0
Root visits: 2
New playouts: 1
NN rows: 2
NN batches: 2
NN avg batch size: 1
PV: F3
Tree:
: T   1.03c W   1.93c S  -0.94c ( -0.2 L  +0.5) N       2  --  F3
---Black(^)---
F3  : T  -3.32c W  -1.47c S  -1.86c ( -0.8 L  +0.4) LCB -353.32c P 48.61% WF   1.0 PSV       1 N       1  --  F3

2026-07-02 13:52:21-0500: = F3
2026-07-02 13:52:21-0500: Controller: genmove w
2026-07-02 13:52:21-0500: MoveNum: 7 HASH: 0ABE1A7604B638D7D7545D93AAAF4DFA
   A B C D E F G H J
 9 . . . . . . . . .
 8 . . . . . . . . .
 7 . . . X . . . . .
 6 . . . . . . . . .
 5 . . O . X . . . .
 4 . . . . . . . . .
 3 . . . O X1X3. . .
 2 . . . . O2@ . . .
 1 . . . . . . . . .

koPOSITIONALscoreAREAtaxNONEsui1komi7
Time taken: 0.015
Root visits: 2
New playouts: 1
NN rows: 2
NN batches: 2
NN avg batch size: 1
PV: F2
Tree:
: T -16.45c W -14.57c S  -1.81c ( -0.6 L  -1.1) N       2  --  F2
---White(^)---
F2  : T -28.69c W -25.42c S  -3.28c ( -1.4 L  -1.3) LCB -378.69c P 33.53% WF   1.0 PSV       1 N       1  --  F2

2026-07-02 13:52:21-0500: = F2
2026-07-02 13:52:21-0500: Controller: genmove b
2026-07-02 13:52:21-0500: MoveNum: 8 HASH: CBCA648AA1361D2076055CFA5613854F
   A B C D E F G H J
 9 . . . . . . . . .
 8 . . . . . . . . .
 7 . . . X . . . . .
 6 . . . . . . . . .
 5 . . O . X . . . .
 4 . . . @ . . . . .
 3 . . . O X X2. . .
 2 . . . . O1O3. . .
 1 . . . . . . . . .

koPOSITIONALscoreAREAtaxNONEsui1komi7
Time taken: 0
Root visits: 2
New playouts: 1
NN rows: 2
NN batches: 2
NN avg batch size: 1
PV: D4
Tree:
: T  11.20c W  11.21c S  -0.02c ( +0.9 L  +1.0) N       2  --  D4
---Black(^)---
D4  : T   9.98c W  10.09c S  -0.12c ( +0.9 L  +1.2) LCB -340.02c P 50.86% WF   1.0 PSV       1 N       1  --  D4

2026-07-02 13:52:21-0500: = D4
2026-07-02 13:52:21-0500: Controller: genmove w
2026-07-02 13:52:21-0500: MoveNum: 9 HASH: 0E537552BF12CDEFE1E890C5B8C3168A
   A B C D E F G H J
 9 . . . . . . . . .
 8 . . . . . . . . .
 7 . . . X . . . . .
 6 . . . . . . . . .
 5 . . O . X . . . .
 4 . . @ X3. . . . .
 3 . . . O X X1. . .
 2 . . . . O O2. . .
 1 . . . . . . . . .

koPOSITIONALscoreAREAtaxNONEsui1komi7
Time taken: 0
Root visits: 2
New playouts: 1
NN rows: 2
NN batches: 2
NN avg batch size: 1
PV: C4
Tree:
: T -20.61c W -18.71c S  -1.94c ( -1.8 L  -1.8) N       2  --  C4
---White(^)---
C4  : T  -7.84c W  -7.14c S  -0.70c ( -1.0 L  -0.8) LCB -357.84c P 52.23% WF   1.0 PSV       1 N       1  --  C4

2026-07-02 13:52:21-0500: = C4
2026-07-02 13:52:21-0500: Controller: genmove b
2026-07-02 13:52:21-0500: MoveNum: 10 HASH: C1B2F700FD40F48147CDB0EB3410D56A
   A B C D E F G H J
 9 . . . . . . . . .
 8 . . . . . . . . .
 7 . . . X . . . . .
 6 . . . . . . . . .
 5 . . O . X . . . .
 4 . . O3X2. . . . .
 3 . . . O X X . . .
 2 . . . . O O1@ . .
 1 . . . . . . . . .

koPOSITIONALscoreAREAtaxNONEsui1komi7
Time taken: 0
Root visits: 2
New playouts: 1
NN rows: 2
NN batches: 2
NN avg batch size: 1
PV: G2
Tree:
: T   4.32c W   5.01c S  -0.77c ( +0.2 L  +0.7) N       2  --  G2
---Black(^)---
G2  : T  -0.73c W   1.28c S  -2.01c ( -0.7 L  +0.8) LCB -350.73c P 45.59% WF   1.0 PSV       1 N       1  --  G2

2026-07-02 13:52:21-0500: = G2
2026-07-02 13:52:21-0500: Controller: genmove w
2026-07-02 13:52:21-0500: MoveNum: 11 HASH: 1112F1D0F40A615B2BB98146B9EEBAF7
   A B C D E F G H J
 9 . . . . . . . . .
 8 . . . . . . . . .
 7 . . . X . . . . .
 6 . . . . . . . . .
 5 . . O . X . . . .
 4 . . O2X1. . . . .
 3 . . . O X X @ . .
 2 . . . . O O X3. .
 1 . . . . . . . . .

koPOSITIONALscoreAREAtaxNONEsui1komi7
Time taken: 0
Root visits: 2
New playouts: 1
NN rows: 2
NN batches: 2
NN avg batch size: 1
PV: G3
Tree:
: T  -4.51c W  -3.70c S  -0.86c ( -0.1 L  -0.7) N       2  --  G3
---White(^)---
G3  : T -12.99c W -10.50c S  -2.50c ( -1.3 L  -0.9) LCB -362.99c P 26.29% WF   1.0 PSV       1 N       1  --  G3

2026-07-02 13:52:21-0500: = G3
2026-07-02 13:52:21-0500: Controller: genmove b
2026-07-02 13:52:21-0500: MoveNum: 12 HASH: 8AC6243E85A1E6E503917494B5DC9282
   A B C D E F G H J
 9 . . . . . . . . .
 8 . . . . . . . . .
 7 . . . X . . . . .
 6 . . . . . . . . .
 5 . . O . X . . . .
 4 . . O1X . . @ . .
 3 . . . O X X O3. .
 2 . . . . O O X2. .
 1 . . . . . . . . .

koPOSITIONALscoreAREAtaxNONEsui1komi7
Time taken: 0
Root visits: 2
New playouts: 1
NN rows: 2
NN batches: 2
NN avg batch size: 1
PV: G4
Tree:
: T   7.12c W   7.95c S  -0.82c ( +0.3 L  +0.4) N       2  --  G4
---Black(^)---
G4  : T  -2.71c W  -0.32c S  -2.39c ( -0.8 L  -0.1) LCB -352.71c P 47.19% WF   1.0 PSV       1 N       1  --  G4

2026-07-02 13:52:21-0500: = G4
2026-07-02 13:52:21-0500: Controller: genmove w
2026-07-02 13:52:21-0500: MoveNum: 13 HASH: 0BD261022C298323F94FC8EB6B3EA6FD
   A B C D E F G H J
 9 . . . . . . . . .
 8 . . . . . . . . .
 7 . . . X . . . . .
 6 . . . . . . . . .
 5 . . O . X . . . .
 4 . . O X . . X3. .
 3 . . . O X X O2@ .
 2 . . . . O O X1. .
 1 . . . . . . . . .

koPOSITIONALscoreAREAtaxNONEsui1komi7
Time taken: 0
Root visits: 2
New playouts: 1
NN rows: 2
NN batches: 2
NN avg batch size: 1
PV: H3
Tree:
: T   0.66c W   1.32c S  -0.65c ( +0.1 L  -0.1) N       2  --  H3
---White(^)---
H3  : T   0.60c W   2.33c S  -1.72c ( -0.6 L  -0.3) LCB -349.40c P 76.61% WF   1.0 PSV       1 N       1  --  H3

2026-07-02 13:52:21-0500: = H3
2026-07-02 13:52:21-0500: Controller: genmove b
2026-07-02 13:52:21-0500: MoveNum: 14 HASH: CC68E71AD6994414B01575825F4004CB
   A B C D E F G H J
 9 . . . . . . . . .
 8 . . . . . . . . .
 7 . . . X . . . . .
 6 . . . . . . . . .
 5 . . O . X . . . .
 4 . . O X . . X2. .
 3 . . . O X X O1O3.
 2 . . . @ O O X . .
 1 . . . . . . . . .

koPOSITIONALscoreAREAtaxNONEsui1komi7
Time taken: 0
Root visits: 2
New playouts: 1
NN rows: 2
NN batches: 2
NN avg batch size: 1
PV: D2
Tree:
: T   5.47c W   4.58c S   1.00c ( +1.1 L  +1.2) N       2  --  D2
---Black(^)---
D2  : T  25.84c W  22.80c S   3.04c ( +2.6 L  +3.1) LCB -324.16c P 43.94% WF   1.0 PSV       1 N       1  --  D2

2026-07-02 13:52:21-0500: = D2
2026-07-02 13:52:21-0500: Controller: genmove w
2026-07-02 13:52:21-0500: MoveNum: 15 HASH: B2C4030EE46F7798E109A37749A2AF3C
   A B C D E F G H J
 9 . . . . . . . . .
 8 . . . . . . . . .
 7 . . . X . . . . .
 6 . . . . . . . . .
 5 . . O . X . . . .
 4 . . O X . . X1. .
 3 . . @ O X X O O2.
 2 . . . X3O O X . .
 1 . . . . . . . . .

koPOSITIONALscoreAREAtaxNONEsui1komi7
Time taken: 0
Root visits: 2
New playouts: 1
NN rows: 2
NN batches: 2
NN avg batch size: 1
PV: C3
Tree:
: T -54.59c W -49.01c S  -5.35c ( -5.4 L  -6.1) N       2  --  C3
---White(^)---
C3  : T -80.06c W -71.07c S  -8.99c ( -7.6 L  -8.5) LCB -430.06c P 64.79% WF   1.0 PSV       1 N       1  --  C3

2026-07-02 13:52:21-0500: = C3
2026-07-02 13:52:21-0500: Controller: genmove b
2026-07-02 13:52:21-0500: MoveNum: 16 HASH: E9B7B698A9E376C53564EE395746E376
   A B C D E F G H J
 9 . . . . . . . . .
 8 . . . . . . . . .
 7 . . . X . . . . .
 6 . . . . . . . . .
 5 . . O . X . . . .
 4 . . O X . . X . .
 3 . . O3O X X O O1.
 2 . . . X2O O X . .
 1 . . . . . @ . . .

koPOSITIONALscoreAREAtaxNONEsui1komi7
Time taken: 0
Root visits: 2
New playouts: 1
NN rows: 2
NN batches: 2
NN avg batch size: 1
PV: F1
Tree:
: T  84.57c W  77.60c S   6.98c (+10.1 L +10.5) N       2  --  F1
---Black(^)---
F1  : T  87.32c W  79.80c S   7.52c (+10.9 L +10.9) LCB -262.68c P 48.80% WF   1.0 PSV       1 N       1  --  F1

2026-07-02 13:52:21-0500: = F1
2026-07-02 13:52:21-0500: Controller: genmove w
2026-07-02 13:52:21-0500: MoveNum: 17 HASH: F3FB8DBBDFB56722FE751598905BF126
   A B C D E F G H J
 9 . . . . . . . . .
 8 . . . . . . . . .
 7 . . . X . . . . .
 6 . . . . . . . . .
 5 . . O . X . . . .
 4 . . O X . @ X . .
 3 . . O2O X X O O .
 2 . . . X1O O X . .
 1 . . . . . X3. . .

koPOSITIONALscoreAREAtaxNONEsui1komi7
Time taken: 0
Root visits: 2
New playouts: 1
NN rows: 2
NN batches: 2
NN avg batch size: 1
PV: F4
Tree:
: T -92.89c W -86.76c S  -6.16c (-11.7 L -11.7) N       2  --  F4
---White(^)---
F4  : T -93.29c W -87.83c S  -5.46c (-10.8 L -11.2) LCB -443.29c P 30.88% WF   1.0 PSV       1 N       1  --  F4

2026-07-02 13:52:21-0500: = F4
2026-07-02 13:52:21-0500: Controller: genmove b
2026-07-02 13:52:21-0500: MoveNum: 18 HASH: 2B219630BBAC445773C99060D01182BB
   A B C D E F G H J
 9 . . . . . . . . .
 8 . . . . . . . . .
 7 . . . X . . . . .
 6 . . . . . . . . .
 5 . . O . X . . . .
 4 . . O X @ O3X . .
 3 . . O1O X X O O .
 2 . . . X O O X . .
 1 . . . . . X2. . .

koPOSITIONALscoreAREAtaxNONEsui1komi7
Time taken: 0
Root visits: 2
New playouts: 1
NN rows: 2
NN batches: 2
NN avg batch size: 1
PV: E4
Tree:
: T  81.69c W  77.78c S   3.77c ( +9.8 L +10.1) N       2  --  E4
---Black(^)---
E4  : T  69.98c W  67.73c S   2.25c ( +8.8 L  +9.0) LCB -280.02c P 56.65% WF   1.0 PSV       1 N       1  --  E4

2026-07-02 13:52:21-0500: = E4
2026-07-02 13:52:21-0500: Controller: genmove w
2026-07-02 13:52:21-0500: MoveNum: 19 HASH: 274F2F682044A89526A1C3C1C059BD86
   A B C D E F G H J
 9 . . . . . . . . .
 8 . . . . . . . . .
 7 . . . X . . . . .
 6 . . . . . . . . .
 5 . . O . X @ . . .
 4 . . O X X3O2X . .
 3 . . O O X X O O .
 2 . . . X O O X . .
 1 . . . . . X1. . .

koPOSITIONALscoreAREAtaxNONEsui1komi7
Time taken: 0
Root visits: 2
New playouts: 1
NN rows: 2
NN batches: 2
NN avg batch size: 1
PV: F5
Tree:
: T -95.38c W -85.90c S  -9.41c (-12.9 L -12.5) N       2  --  F5
---White(^)---
F5  : T -99.49c W -89.23c S -10.26c (-13.1 L -12.9) LCB -449.49c P 23.15% WF   1.0 PSV       1 N       1  --  F5

2026-07-02 13:52:21-0500: = F5
2026-07-02 13:52:21-0500: Controller: genmove b
2026-07-02 13:52:21-0500: MoveNum: 20 HASH: C8F484164C7D3308D7EC41C4343E955E
   A B C D E F G H J
 9 . . . . . . . . .
 8 . . . . . . . . .
 7 . . . X . . . . .
 6 . . . . . @ . . .
 5 . . O . X O3. . .
 4 . . O X X2O1X . .
 3 . . O O X X O O .
 2 . . . X O O X . .
 1 . . . . . X . . .

koPOSITIONALscoreAREAtaxNONEsui1komi7
Time taken: 0
Root visits: 2
New playouts: 1
NN rows: 2
NN batches: 2
NN avg batch size: 1
PV: F6
Tree:
: T  93.84c W  88.32c S   5.49c (+12.6 L +11.6) N       2  --  F6
---Black(^)---
F6  : T  89.66c W  85.12c S   4.54c (+12.0 L +10.8) LCB -260.34c P 36.94% WF   1.0 PSV       1 N       1  --  F6

2026-07-02 13:52:21-0500: = F6
2026-07-02 13:52:21-0500: Controller: genmove w
2026-07-02 13:52:21-0500: MoveNum: 21 HASH: 4A6B566604357CE1778D8E93F17E0CF4
   A B C D E F G H J
 9 . . . . . . . . .
 8 . . . . . . . . .
 7 . . . X . . . . .
 6 . . . . . X3. . .
 5 . . O . X O2@ . .
 4 . . O X X1O X . .
 3 . . O O X X O O .
 2 . . . X O O X . .
 1 . . . . . X . . .

koPOSITIONALscoreAREAtaxNONEsui1komi7
Time taken: 0
Root visits: 2
New playouts: 1
NN rows: 2
NN batches: 2
NN avg batch size: 1
PV: G5
Tree:
: T -90.47c W -85.36c S  -5.06c (-11.6 L -11.6) N       2  --  G5
---White(^)---
G5  : T -94.73c W -88.10c S  -6.63c (-12.6 L -13.2) LCB -444.73c P 84.20% WF   1.0 PSV       1 N       1  --  G5

2026-07-02 13:52:21-0500: = G5
2026-07-02 13:52:21-0500: Controller: quit
2026-07-02 13:52:21-0500: Quit requested by controller
2026-07-02 13:52:21-0500: = 
